
*** Running vivado
    with args -log rca4.vds -m64 -product Vivado -mode batch -messageDb vivado.pb -notrace -source rca4.tcl



****** Vivado v2024.1 (64-bit)
  **** SW Build 5076996 on Wed May 22 18:37:14 MDT 2024
  **** IP Build 5075265 on Wed May 22 21:45:21 MDT 2024
  **** SharedData Build 5076995 on Wed May 22 18:29:18 MDT 2024
  **** Start of session at: Thu Oct  2 13:51:37 2025
    ** Copyright 1986-2022 Xilinx, Inc. All Rights Reserved.
    ** Copyright 2022-2024 Advanced Micro Devices, Inc. All Rights Reserved.

source rca4.tcl -notrace
create_project: Time (s): cpu = 00:00:11 ; elapsed = 00:00:12 . Memory (MB): peak = 514.645 ; gain = 201.297
Command: read_checkpoint -auto_incremental -incremental {C:/Users/Gopika N/digital-designs-systemverilog/vivado/4bit_rca/4bit_rca.srcs/utils_1/imports/synth_1/rca4.dcp}
INFO: [Vivado 12-5825] Read reference checkpoint from C:/Users/Gopika N/digital-designs-systemverilog/vivado/4bit_rca/4bit_rca.srcs/utils_1/imports/synth_1/rca4.dcp for incremental synthesis
INFO: [Vivado 12-7989] Please ensure there are no constraint changes
Command: synth_design -top rca4 -part xc7k70tfbv676-1
Starting synth_design
Attempting to get a license for feature 'Synthesis' and/or device 'xc7k70t'
INFO: [Common 17-349] Got license for feature 'Synthesis' and/or device 'xc7k70t'
INFO: [Designutils 20-5440] No compile time benefit to using incremental synthesis; A full resynthesis will be run
INFO: [Designutils 20-4379] Flow is switching to default flow due to incremental criteria not met. If you would like to alter this behaviour and have the flow terminate instead, please set the following parameter config_implementation {autoIncr.Synth.RejectBehavior Terminate}
INFO: [Synth 8-7079] Multithreading enabled for synth_design using a maximum of 2 processes.
INFO: [Synth 8-7078] Launching helper process for spawning children vivado processes
INFO: [Synth 8-7075] Helper process launched with PID 552
---------------------------------------------------------------------------------
Starting Synthesize : Time (s): cpu = 00:00:07 ; elapsed = 00:00:10 . Memory (MB): peak = 975.664 ; gain = 452.371
---------------------------------------------------------------------------------
INFO: [Synth 8-6157] synthesizing module 'rca4' [C:/Users/Gopika N/digital-designs-systemverilog/src/rca4.sv:1]
INFO: [Synth 8-6157] synthesizing module 'full_adder' [C:/Users/Gopika N/digital-designs-systemverilog/src/full_adder.sv:1]
INFO: [Synth 8-6155] done synthesizing module 'full_adder' (0#1) [C:/Users/Gopika N/digital-designs-systemverilog/src/full_adder.sv:1]
WARNING: [Synth 8-689] width (4) of port connection 'cout' does not match port width (1) of module 'full_adder' [C:/Users/Gopika N/digital-designs-systemverilog/src/rca4.sv:7]
INFO: [Synth 8-6155] done synthesizing module 'rca4' (0#1) [C:/Users/Gopika N/digital-designs-systemverilog/src/rca4.sv:1]
WARNING: [Synth 8-3917] design rca4 has port cout[3] driven by constant 0
WARNING: [Synth 8-3917] design rca4 has port cout[2] driven by constant 0
WARNING: [Synth 8-3917] design rca4 has port cout[1] driven by constant 0
---------------------------------------------------------------------------------
Finished Synthesize : Time (s): cpu = 00:00:10 ; elapsed = 00:00:13 . Memory (MB): peak = 1084.035 ; gain = 560.742
---------------------------------------------------------------------------------
---------------------------------------------------------------------------------
Finished Constraint Validation : Time (s): cpu = 00:00:11 ; elapsed = 00:00:14 . Memory (MB): peak = 1084.035 ; gain = 560.742
---------------------------------------------------------------------------------
---------------------------------------------------------------------------------
Start Loading Part and Timing Information
---------------------------------------------------------------------------------
Loading part: xc7k70tfbv676-1
INFO: [Device 21-403] Loading part xc7k70tfbv676-1
---------------------------------------------------------------------------------
Finished Loading Part and Timing Information : Time (s): cpu = 00:00:11 ; elapsed = 00:00:14 . Memory (MB): peak = 1084.035 ; gain = 560.742
---------------------------------------------------------------------------------
---------------------------------------------------------------------------------
Finished RTL Optimization Phase 2 : Time (s): cpu = 00:00:11 ; elapsed = 00:00:15 . Memory (MB): peak = 1084.035 ; gain = 560.742
---------------------------------------------------------------------------------
No constraint files found.
---------------------------------------------------------------------------------
Start RTL Component Statistics 
---------------------------------------------------------------------------------
Detailed RTL Component Info : 
+---XORs : 
	   3 Input      1 Bit         XORs := 4     
---------------------------------------------------------------------------------
Finished RTL Component Statistics 
---------------------------------------------------------------------------------
---------------------------------------------------------------------------------
Start Part Resource Summary
---------------------------------------------------------------------------------
INFO: [Device 21-9227] Part: xc7k70tfbv676-1 does not have CEAM library.
Part Resources:
DSPs: 240 (col length:80)
BRAMs: 270 (col length: RAMB18 80 RAMB36 40)
---------------------------------------------------------------------------------
Finished Part Resource Summary
---------------------------------------------------------------------------------
No constraint files found.
---------------------------------------------------------------------------------
Start Cross Boundary and Area Optimization
---------------------------------------------------------------------------------
WARNING: [Synth 8-7080] Parallel synthesis criteria is not met
WARNING: [Synth 8-3917] design rca4 has port cout[3] driven by constant 0
WARNING: [Synth 8-3917] design rca4 has port cout[2] driven by constant 0
WARNING: [Synth 8-3917] design rca4 has port cout[1] driven by constant 0
---------------------------------------------------------------------------------
Finished Cross Boundary and Area Optimization : Time (s): cpu = 00:00:26 ; elapsed = 00:00:55 . Memory (MB): peak = 1262.914 ; gain = 739.621
---------------------------------------------------------------------------------
No constraint files found.
---------------------------------------------------------------------------------
Start Timing Optimization
---------------------------------------------------------------------------------
---------------------------------------------------------------------------------
Finished Timing Optimization : Time (s): cpu = 00:00:26 ; elapsed = 00:00:55 . Memory (MB): peak = 1262.914 ; gain = 739.621
---------------------------------------------------------------------------------
---------------------------------------------------------------------------------
Start Technology Mapping
---------------------------------------------------------------------------------
---------------------------------------------------------------------------------
Finished Technology Mapping : Time (s): cpu = 00:00:26 ; elapsed = 00:00:55 . Memory (MB): peak = 1262.914 ; gain = 739.621
---------------------------------------------------------------------------------
---------------------------------------------------------------------------------
Start IO Insertion
---------------------------------------------------------------------------------
---------------------------------------------------------------------------------
Start Flattening Before IO Insertion
---------------------------------------------------------------------------------
---------------------------------------------------------------------------------
Finished Flattening Before IO Insertion
---------------------------------------------------------------------------------
---------------------------------------------------------------------------------
Start Final Netlist Cleanup
---------------------------------------------------------------------------------
---------------------------------------------------------------------------------
Finished Final Netlist Cleanup
---------------------------------------------------------------------------------
---------------------------------------------------------------------------------
Finished IO Insertion : Time (s): cpu = 00:00:35 ; elapsed = 00:01:04 . Memory (MB): peak = 1262.914 ; gain = 739.621
---------------------------------------------------------------------------------
---------------------------------------------------------------------------------
Start Renaming Generated Instances
---------------------------------------------------------------------------------
---------------------------------------------------------------------------------
Finished Renaming Generated Instances : Time (s): cpu = 00:00:35 ; elapsed = 00:01:04 . Memory (MB): peak = 1262.914 ; gain = 739.621
---------------------------------------------------------------------------------
---------------------------------------------------------------------------------
Start Rebuilding User Hierarchy
---------------------------------------------------------------------------------
---------------------------------------------------------------------------------
Finished Rebuilding User Hierarchy : Time (s): cpu = 00:00:35 ; elapsed = 00:01:04 . Memory (MB): peak = 1262.914 ; gain = 739.621
---------------------------------------------------------------------------------
---------------------------------------------------------------------------------
Start Renaming Generated Ports
---------------------------------------------------------------------------------
---------------------------------------------------------------------------------
Finished Renaming Generated Ports : Time (s): cpu = 00:00:35 ; elapsed = 00:01:04 . Memory (MB): peak = 1262.914 ; gain = 739.621
---------------------------------------------------------------------------------
---------------------------------------------------------------------------------
Start Handling Custom Attributes
---------------------------------------------------------------------------------
---------------------------------------------------------------------------------
Finished Handling Custom Attributes : Time (s): cpu = 00:00:35 ; elapsed = 00:01:04 . Memory (MB): peak = 1262.914 ; gain = 739.621
---------------------------------------------------------------------------------
---------------------------------------------------------------------------------
Start Renaming Generated Nets
---------------------------------------------------------------------------------
---------------------------------------------------------------------------------
Finished Renaming Generated Nets : Time (s): cpu = 00:00:35 ; elapsed = 00:01:04 . Memory (MB): peak = 1262.914 ; gain = 739.621
---------------------------------------------------------------------------------
---------------------------------------------------------------------------------
Start Writing Synthesis Report
---------------------------------------------------------------------------------

Report BlackBoxes: 
+-+--------------+----------+
| |BlackBox name |Instances |
+-+--------------+----------+
+-+--------------+----------+

Report Cell Usage: 
+------+-----+------+
|      |Cell |Count |
+------+-----+------+
|1     |LUT3 |     2|
|2     |LUT5 |     4|
|3     |IBUF |     9|
|4     |OBUF |     8|
+------+-----+------+

Report Instance Areas: 
+------+---------+-------+------+
|      |Instance |Module |Cells |
+------+---------+-------+------+
|1     |top      |       |    23|
+------+---------+-------+------+
---------------------------------------------------------------------------------
Finished Writing Synthesis Report : Time (s): cpu = 00:00:35 ; elapsed = 00:01:04 . Memory (MB): peak = 1262.914 ; gain = 739.621
---------------------------------------------------------------------------------
Synthesis finished with 0 errors, 0 critical warnings and 8 warnings.
Synthesis Optimization Runtime : Time (s): cpu = 00:00:35 ; elapsed = 00:01:04 . Memory (MB): peak = 1262.914 ; gain = 739.621
Synthesis Optimization Complete : Time (s): cpu = 00:00:35 ; elapsed = 00:01:04 . Memory (MB): peak = 1262.914 ; gain = 739.621
INFO: [Project 1-571] Translating synthesized netlist
Netlist sorting complete. Time (s): cpu = 00:00:00 ; elapsed = 00:00:00.001 . Memory (MB): peak = 1269.949 ; gain = 0.000
INFO: [Project 1-570] Preparing netlist for logic optimization
INFO: [Opt 31-138] Pushed 0 inverter(s) to 0 load pin(s).
Netlist sorting complete. Time (s): cpu = 00:00:00 ; elapsed = 00:00:00.001 . Memory (MB): peak = 1371.121 ; gain = 0.000
INFO: [Project 1-111] Unisim Transformation Summary:
No Unisim elements were transformed.

Synth Design complete | Checksum: 766a73b7
INFO: [Common 17-83] Releasing license: Synthesis
19 Infos, 8 Warnings, 0 Critical Warnings and 0 Errors encountered.
synth_design completed successfully
synth_design: Time (s): cpu = 00:00:38 ; elapsed = 00:01:08 . Memory (MB): peak = 1371.121 ; gain = 852.156
Write ShapeDB Complete: Time (s): cpu = 00:00:00 ; elapsed = 00:00:00.003 . Memory (MB): peak = 1371.121 ; gain = 0.000
INFO: [Common 17-1381] The checkpoint 'C:/Users/Gopika N/digital-designs-systemverilog/vivado/4bit_rca/4bit_rca.runs/synth_1/rca4.dcp' has been generated.
INFO: [Vivado 12-24828] Executing command : report_utilization -file rca4_utilization_synth.rpt -pb rca4_utilization_synth.pb
INFO: [Common 17-206] Exiting Vivado at Thu Oct  2 13:53:06 2025...
