#-----------------------------------------------------------
# Vivado v2024.1 (64-bit)
# SW Build 5076996 on Wed May 22 18:37:14 MDT 2024
# IP Build 5075265 on Wed May 22 21:45:21 MDT 2024
# SharedData Build 5076995 on Wed May 22 18:29:18 MDT 2024
# Start of session at: Wed Oct  1 00:17:54 2025
# Process ID: 25140
# Current directory: C:/Users/Gopika N/digital-designs-systemverilog/vivado/full_adder/full_adder.runs/synth_1
# Command line: vivado.exe -log fulladder.vds -product Vivado -mode batch -messageDb vivado.pb -notrace -source fulladder.tcl
# Log file: C:/Users/Gopika N/digital-designs-systemverilog/vivado/full_adder/full_adder.runs/synth_1/fulladder.vds
# Journal file: C:/Users/Gopika N/digital-designs-systemverilog/vivado/full_adder/full_adder.runs/synth_1\vivado.jou
# Running On        :LAPTOP-RHU4N1EH
# Platform          :Windows Server 2016 or Windows 10
# Operating System  :26100
# Processor Detail  :Intel(R) Core(TM) i5-1035G1 CPU @ 1.00GHz
# CPU Frequency     :1190 MHz
# CPU Physical cores:4
# CPU Logical cores :8
# Host memory       :8375 MB
# Swap memory       :6442 MB
# Total Virtual     :14817 MB
# Available Virtual :2597 MB
#-----------------------------------------------------------
source fulladder.tcl -notrace
